git config --global user.name "jiyingguo"

git config --global user.email "jiyingguo@gmail.com"


什么是版本库呢？版本库又名仓库（Repository），你可以简单理解成一个目录，这个目录里面的所有文件都可以被Git管理起来，每个文件的修改、删除，Git都能跟踪，以便任何时刻都可以追踪历史，或者在将来某个时刻可以“还原”。
所以，创建一个版本库非常简单，首先，选择一个合适的地方，创建一个空目录：
mkdir learngit

第二步，通过git init命令把这个目录变成Git可以管理的仓库：
git init

把文件添加到版本库

Git is a version control system.
Git is free software.

第一步，用命令git add告诉Git，把文件添加到仓库：
git add learn-git.txt

第二步，用命令git commit告诉Git，把文件提交到仓库：
git commit -m "add learngit file to repository"


Git is a distributed version control system.
Git is free software.

现在，运行git status命令看看结果：
git status


git commit -m "add distributed"


第三次测试
Git is a distributed version control system.
Git is free software distributed under the GPL.

当然了，在实际工作中，我们脑子里怎么可能记得一个几千行的文件每次都改了什么内容，不然要版本控制系统干什么。版本控制系统肯定有某个命令可以告诉我们历史记录，在Git中，我们用git log命令查看：
git log

如果嫌输出信息太多，看得眼花缭乱的，可以试试加上--pretty=oneline参数：
git log --pretty=oneline

=================================
git回退到上一个版本测试

当然了，在实际工作中，我们脑子里怎么可能记得一个几千行的文件每次都改了什么内容，不然要版本控制系统干什么。版本控制系统肯定有某个命令可以告诉我们历史记录，在Git中，我们用git log命令查看：
git log

如果嫌输出信息太多，看得眼花缭乱的，可以试试加上--pretty=oneline参数：
git log --pretty=oneline

首先，Git必须知道当前版本是哪个版本，在Git中，用HEAD表示当前版本，也就是最新的提交1094adb...（注意我的提交ID和你的肯定不一样），上一个版本就是HEAD^，上上一个版本就是HEAD^^，当然往上100个版本写100个^比较容易数不过来，所以写成HEAD~100。

现在，我们要把当前版本append GPL回退到上一个版本add distributed，就可以使用git reset命令：

$ git reset --hard HEAD^
HEAD is now at e475afc add distributed
--hard参数有啥意义？--hard会回退到上个版本的已提交状态，而--soft会回退到上个版本的未提交状态，--mixed会回退到上个版本已添加但未提交的状态。现在，先放心使用--hard。

最新的那个版本append GPL已经看不到了！好比你从21世纪坐时光穿梭机来到了19世纪，想再回去已经回不去了，肿么办？

办法其实还是有的，只要上面的命令行窗口还没有被关掉，你就可以顺着往上找啊找啊，找到那个append GPL的commit id是1094adb...，于是就可以指定回到未来的某个版本：

git reset --hard f2a4519d7951bac08f14b8b8c2203ccdad256974
HEAD is now at f2a4519 go back last version test

现在，你回退到了某个版本，关掉了电脑，第二天早上就后悔了，想恢复到新版本怎么办？找不到新版本的commit id怎么办？

在Git中，总是有后悔药可以吃的。当你用$ git reset --hard HEAD^回退到add distributed版本时，再想恢复到append GPL，就必须找到append GPL的commit id。Git提供了一个命令git reflog用来记录你的每一次命令：
$ git reflog

工作区、暂存区、Master、HEAD等
Git is a distributed version control system.
Git is free software distributed under the GPL.
Git has a mutable index called stage.

所以，git add命令实际上就是把要提交的所有修改放到暂存区（Stage），然后，执行git commit就可以一次性把暂存区的所有修改提交到分支。
git commit -m "understand how stage works"

一旦提交后，如果你又没有对工作区做任何修改，那么工作区就是“干净”的：
git status
On branch master
nothing to commit, working tree clean

管理修改
Git tracks changes of files.

撤销修改
你可以发现，Git会告诉你，git checkout -- file可以丢弃工作区的修改：

$ git checkout --learn-git.txt
命令git checkout -- readme.txt意思就是，把readme.txt文件在工作区的修改全部撤销，这里有两种情况：

一种是readme.txt自修改后还没有被放到暂存区，现在，撤销修改就回到和版本库一模一样的状态；

一种是readme.txt已经添加到暂存区后，又作了修改，现在，撤销修改就回到添加到暂存区后的状态。

总之，就是让这个文件回到最近一次git commit或git add时的状态。

小结
又到了小结时间。

场景1：当你改乱了工作区某个文件的内容，想直接丢弃工作区的修改时，用命令git checkout -- file。

场景2：当你不但改乱了工作区某个文件的内容，还添加到了暂存区时，想丢弃修改，分两步，第一步用命令git reset HEAD <file>，就回到了场景1，第二步按场景1操作。

场景3：已经提交了不合适的修改到版本库时，想要撤销本次提交，参考版本回退一节，不过前提是没有推送到远程库。

一般情况下，你通常直接在文件管理器中把没用的文件删了，或者用rm命令删了：

$ rm test.txt
现在你有两个选择，一是确实要从版本库中删除该文件，那就用命令git rm删掉，并且git commit：
现在你有两个选择，一是确实要从版本库中删除该文件，那就用命令git rm删掉，并且git commit：

$ git rm test.txt
rm 'test.txt'
另一种情况是删错了，因为版本库里还有呢，所以可以很轻松地把误删的文件恢复到最新版本：

$ git checkout -- test.txt
git checkout其实是用版本库里的版本替换工作区的版本，无论工作区是修改还是删除，都可以“一键还原”。

小结
命令git rm用于删除一个文件。如果一个文件已经被提交到版本库，那么你永远不用担心误删，但是要小心，你只能恢复文件到最新版本，你会丢失最近一次提交后你修改的内容。

远程仓库：
完全可以自己搭建一台运行Git的服务器，不过现阶段，为了学Git先搭个服务器绝对是小题大作。好在这个世界上有个叫GitHub的神奇的网站，从名字就可以看出，这个网站就是提供Git仓库托管服务的，所以，只要注册一个GitHub账号，就可以免费获得Git远程仓库。
在继续阅读后续内容前，请自行注册GitHub账号。由于你的本地Git仓库和GitHub仓库之间的传输是通过SSH加密的，所以，需要一点设置：

第1步：创建SSH Key。在用户主目录下，看看有没有.ssh目录，如果有，再看看这个目录下有没有id_rsa和id_rsa.pub这两个文件，如果已经有了，可直接跳到下一步。如果没有，打开Shell（Windows下打开Git Bash），创建SSH Key：
ssh-keygen -t rsa -C "86940135@qq.com"

你需要把邮件地址换成你自己的邮件地址，然后一路回车，使用默认值即可，由于这个Key也不是用于军事目的，所以也无需设置密码。

如果一切顺利的话，可以在用户主目录里找到.ssh目录，里面有id_rsa和id_rsa.pub两个文件，这两个就是SSH Key的秘钥对，id_rsa是私钥，不能泄露出去，id_rsa.pub是公钥，可以放心地告诉任何人。

第2步：登陆GitHub，打开“Account settings”，“SSH Keys”页面：

然后，点“Add SSH Key”，填上任意Title，在Key文本框里粘贴id_rsa.pub文件的内容：


目前，在GitHub上的这个learngit仓库还是空的，GitHub告诉我们，可以从这个仓库克隆出新的仓库，也可以把一个已有的本地仓库与之关联，然后，把本地仓库的内容推送到GitHub仓库。

现在，我们根据GitHub的提示，在本地的learngit仓库下运行命令：

git remote add origin https://github.com/Chris7Ji/learn-git.git
请千万注意，把上面的michaelliao替换成你自己的GitHub账户名，否则，你在本地关联的就是我的远程库，关联没有问题，但是你以后推送是推不上去的，因为你的SSH Key公钥不在我的账户列表中。
添加后，远程库的名字就是origin，这是Git默认的叫法，也可以改成别的，但是origin这个名字一看就知道是远程库。

git remote add origin https://github.com/Chris7Ji/learn-git.git

下一步，就可以把本地库的所有内容推送到远程库上：
git branch -M main
git push -u origin main

把本地库的内容推送到远程，用git push命令，实际上是把当前分支master推送到远程。

由于远程库是空的，我们第一次推送master分支时，加上了-u参数，Git不但会把本地的master分支内容推送的远程新的master分支，还会把本地的master分支和远程的master分支关联起来，在以后的推送或者拉取时就可以简化命令。

推送成功后，可以立刻在GitHub页面中看到远程库的内容已经和本地一模一样：

从现在起，只要本地作了提交，就可以通过命令：
git push origin master
把本地master分支的最新修改推送至GitHub，现在，你就拥有了真正的分布式版本库！



